******************************************************************************
                  TI ARM Linker PC v18.12.1                    
******************************************************************************
>> Linked Sat Apr 13 17:14:31 2019

OUTPUT FILE NAME:   <LcdTiva.out>
ENTRY POINT SYMBOL: "_c_int00_noinit_noargs"  address: 00000ae1


MEMORY CONFIGURATION

         name            origin    length      used     unused   attr    fill
----------------------  --------  ---------  --------  --------  ----  --------
  FLASH                 00000000   00040000  00000b82  0003f47e  R  X
  SRAM                  20000000   00008000  00000200  00007e00  RW X


SEGMENT ALLOCATION MAP

run origin  load origin   length   init length attrs members
----------  ----------- ---------- ----------- ----- -------
00000000    00000000    00000b82   00000b82    r-x
  00000000    00000000    0000026c   0000026c    r-- .intvecs
  0000026c    0000026c    00000916   00000916    r-x .text
20000000    20000000    00000200   00000000    rw-
  20000000    20000000    00000200   00000000    rw- .stack


SECTION ALLOCATION MAP

 output                                  attributes/
section   page    origin      length       input sections
--------  ----  ----------  ----------   ----------------
.intvecs   0    00000000    0000026c     
                  00000000    0000026c     tm4c123gh6pm_startup_ccs.obj (.intvecs)

.text      0    0000026c    00000916     
                  0000026c    00000528     lcd.obj (.text)
                  00000794    00000132     driverlib.lib : gpio.obj (.text:GPIOPadConfigSet)
                  000008c6    00000002     rtsv7M4_T_le_v4SPD16_eabi.lib : div0.asm.obj (.text)
                  000008c8    000000f4     driverlib.lib : sysctl.obj (.text:SysCtlClockSet)
                  000009bc    000000b0     main.obj (.text)
                  00000a6c    00000040     rtsv7M4_T_le_v4SPD16_eabi.lib : u_divt2.asm.obj (.text)
                  00000aac    00000034     driverlib.lib : sysctl.obj (.text:SysCtlPeripheralEnable)
                  00000ae0    0000002c     rtsv7M4_T_le_v4SPD16_eabi.lib : boot_cortex_m.c.obj (.text:_c_int00_noinit_noargs:_c_int00_noinit_noargs)
                  00000b0c    0000002a     driverlib.lib : gpio.obj (.text:GPIODirModeSet)
                  00000b36    00000018                   : gpio.obj (.text:GPIOPinTypeGPIOOutput)
                  00000b4e    00000014     rtsv7M4_T_le_v4SPD16_eabi.lib : strlen.c.obj (.text:strlen)
                  00000b62    0000000c     tm4c123gh6pm_startup_ccs.obj (.text)
                  00000b6e    00000006     driverlib.lib : gpio.obj (.text:GPIOPinWrite)
                  00000b74    00000006                   : sysctl.obj (.text:SysCtlDelay)
                  00000b7a    00000004     rtsv7M4_T_le_v4SPD16_eabi.lib : pre_init.c.obj (.text:_system_pre_init)
                  00000b7e    00000004                                   : exit.c.obj (.text:abort:abort)

.cinit     0    00000000    00000000     UNINITIALIZED

.init_array 
*          0    00000000    00000000     UNINITIALIZED

.stack     0    20000000    00000200     UNINITIALIZED
                  20000000    00000004     rtsv7M4_T_le_v4SPD16_eabi.lib : boot_cortex_m.c.obj (.stack)
                  20000004    000001fc     --HOLE--

MODULE SUMMARY

       Module                         code   ro data   rw data
       ------                         ----   -------   -------
    .\
       lcd.obj                        1320   0         0      
       tm4c123gh6pm_startup_ccs.obj   12     620       0      
       main.obj                       176    0         0      
    +--+------------------------------+------+---------+---------+
       Total:                         1508   620       0      
                                                              
    C:/ti/TivaWare_C_Series-2.1.4.178/driverlib/ccs/Debug/driverlib.lib
       gpio.obj                       378    0         0      
       sysctl.obj                     302    0         0      
    +--+------------------------------+------+---------+---------+
       Total:                         680    0         0      
                                                              
    C:\ti\ccs900\ccs\tools\compiler\ti-cgt-arm_18.12.1.LTS\lib\rtsv7M4_T_le_v4SPD16_eabi.lib
       u_divt2.asm.obj                64     0         0      
       boot_cortex_m.c.obj            44     0         0      
       strlen.c.obj                   20     0         0      
       exit.c.obj                     4      0         0      
       pre_init.c.obj                 4      0         0      
       div0.asm.obj                   2      0         0      
    +--+------------------------------+------+---------+---------+
       Total:                         138    0         0      
                                                              
       Stack:                         0      0         512    
    +--+------------------------------+------+---------+---------+
       Grand Total:                   2326   620       512    


GLOBAL SYMBOLS: SORTED ALPHABETICALLY BY Name 

address   name                  
-------   ----                  
00000b7f  C$$EXIT               
00000b0d  GPIODirModeSet        
00000795  GPIOPadConfigSet      
00000b37  GPIOPinTypeGPIOOutput 
00000b6f  GPIOPinWrite          
00000499  LCD_Clear             
0000034b  LCD_Command           
00000455  LCD_Cursor            
000006e3  LCD_Print             
000005c9  LCD_PrintJustify      
00000747  LCD_PrintLn           
000003d1  LCD_Show              
000004a9  LCD_Yaz               
0000026d  LCD_init              
00000b63  ResetISR              
000008c9  SysCtlClockSet        
00000b75  SysCtlDelay           
00000aad  SysCtlPeripheralEnable
20000200  __STACK_END           
00000200  __STACK_SIZE          
20000200  __STACK_TOP           
ffffffff  __TI_pprof_out_hndl   
ffffffff  __TI_prof_data_size   
ffffffff  __TI_prof_data_start  
00000000  __TI_static_base__    
000008c7  __aeabi_idiv0         
000008c7  __aeabi_ldiv0         
00000a6d  __aeabi_uidiv         
00000a6d  __aeabi_uidivmod      
ffffffff  __binit__             
ffffffff  __c_args__            
UNDEFED   __mpu_init            
20000000  __stack               
00000ae1  _c_int00_noinit_noargs
00000b7b  _system_pre_init      
00000b7f  abort                 
ffffffff  binit                 
00000000  g_pfnVectors          
000009bd  main                  
00000b4f  strlen                


GLOBAL SYMBOLS: SORTED BY Symbol Address 

address   name                  
-------   ----                  
00000000  __TI_static_base__    
00000000  g_pfnVectors          
00000200  __STACK_SIZE          
0000026d  LCD_init              
0000034b  LCD_Command           
000003d1  LCD_Show              
00000455  LCD_Cursor            
00000499  LCD_Clear             
000004a9  LCD_Yaz               
000005c9  LCD_PrintJustify      
000006e3  LCD_Print             
00000747  LCD_PrintLn           
00000795  GPIOPadConfigSet      
000008c7  __aeabi_idiv0         
000008c7  __aeabi_ldiv0         
000008c9  SysCtlClockSet        
000009bd  main                  
00000a6d  __aeabi_uidiv         
00000a6d  __aeabi_uidivmod      
00000aad  SysCtlPeripheralEnable
00000ae1  _c_int00_noinit_noargs
00000b0d  GPIODirModeSet        
00000b37  GPIOPinTypeGPIOOutput 
00000b4f  strlen                
00000b63  ResetISR              
00000b6f  GPIOPinWrite          
00000b75  SysCtlDelay           
00000b7b  _system_pre_init      
00000b7f  C$$EXIT               
00000b7f  abort                 
20000000  __stack               
20000200  __STACK_END           
20000200  __STACK_TOP           
ffffffff  __TI_pprof_out_hndl   
ffffffff  __TI_prof_data_size   
ffffffff  __TI_prof_data_start  
ffffffff  __binit__             
ffffffff  __c_args__            
ffffffff  binit                 
UNDEFED   __mpu_init            

[40 symbols]
